[swiftbusinesspay.com/index.html]
[gmpg.org/xfn/11.html]
[backblue.gif]
[fade.gif]
[index.html]
[swiftbusinesspay.com/wp-content/plugins/loftloader-pro/assets/css/loftloader.min4dcb.css]
[fonts.googleapis.com/index.html]
[swiftbusinesspay.com/feed/index.html]
[swiftbusinesspay.com/wp-content/themes/astra/assets/css/minified/style.mina4f3.css]
[swiftbusinesspay.com/comments/feed/index.html]
[swiftbusinesspay.com/wp-content/themes/astra/assets/fonts/astra.woff]
[swiftbusinesspay.com/wp-content/themes/astra/assets/css/minified/compatibility/site-origin.mina4f3.css]
[swiftbusinesspay.com/wp-content/themes/astra/assets/css/minified/menu-animation.mina4f3.css]
[swiftbusinesspay.com/wp-content/plugins/bdthemes-element-pack/assets/css/bdt-uikita25a.css]
[swiftbusinesspay.com/wp-content/plugins/bdthemes-element-pack/assets/css/element-pack-site9bd2.css]
[swiftbusinesspay.com/wp-includes/css/dist/block-library/style.min41a3.css]
[swiftbusinesspay.com/wp-content/plugins/woocommerce/packages/woocommerce-blocks/build/vendors-style1852.css]
[swiftbusinesspay.com/wp-content/plugins/woocommerce/packages/woocommerce-blocks/build/style1852.css]
[swiftbusinesspay.com/wp-content/themes/astra/assets/css/minified/compatibility/woocommerce/woocommerce-layout.mina4f3.css]
[swiftbusinesspay.com/wp-content/themes/astra/assets/css/minified/compatibility/woocommerce/woocommerce-smallscreen.mina4f3.css]
[swiftbusinesspay.com/wp-content/themes/astra/assets/css/minified/compatibility/woocommerce/woocommerce.mina4f3.css]
[swiftbusinesspay.com/wp-content/plugins/header-footer-elementor/assets/css/header-footer-elementor2745.css]
[swiftbusinesspay.com/wp-content/plugins/elementor/assets/lib/eicons/css/elementor-icons.minb683.css]
[swiftbusinesspay.com/wp-content/plugins/elementor/assets/css/frontend-legacy.minccfb.css]
[swiftbusinesspay.com/wp-content/plugins/elementor/assets/css/frontend.minccfb.css]
[swiftbusinesspay.com/wp-content/uploads/elementor/css/post-2870ca62.css]
[swiftbusinesspay.com/wp-content/plugins/elementor-pro/assets/css/frontend.min324d.css]
[swiftbusinesspay.com/wp-content/uploads/elementor/css/post-1199ca62.css]
[swiftbusinesspay.com/wp-content/plugins/header-footer-elementor/inc/widgets-css/frontend2745.css]
[swiftbusinesspay.com/wp-content/plugins/woo-wallet/assets/css/frontend4acb.css]
[swiftbusinesspay.com/wp-content/plugins/ultimate-member/assets/css/um-fonticons-iiac31.css]
[swiftbusinesspay.com/wp-content/plugins/elementor/assets/lib/eicons/fonts/eicons0b93.eot]
[swiftbusinesspay.com/wp-content/plugins/ultimate-member/assets/css/um-fonticons-faac31.css]
[swiftbusinesspay.com/wp-content/plugins/ultimate-member/assets/css/select2/select2.min4819.css]
[swiftbusinesspay.com/wp-content/plugins/ultimate-member/assets/css/um-cropac31.css]
[swiftbusinesspay.com/wp-content/plugins/ultimate-member/assets/css/um-modalac31.css]
[swiftbusinesspay.com/wp-content/plugins/ultimate-member/assets/css/um-stylesac31.css]
[swiftbusinesspay.com/wp-content/plugins/ultimate-member/assets/css/um-profileac31.css]
[swiftbusinesspay.com/wp-content/plugins/ultimate-member/assets/css/um-accountac31.css]
[swiftbusinesspay.com/wp-content/plugins/ultimate-member/assets/css/um-miscac31.css]
[swiftbusinesspay.com/wp-content/plugins/ultimate-member/assets/css/um-fileuploadac31.css]
[swiftbusinesspay.com/wp-content/plugins/ultimate-member/assets/css/pickadate/defaultac31.css]
[swiftbusinesspay.com/wp-content/plugins/ultimate-member/assets/css/pickadate/default.dateac31.css]
[swiftbusinesspay.com/wp-content/plugins/ultimate-member/assets/css/pickadate/default.timeac31.css]
[swiftbusinesspay.com/wp-content/plugins/ultimate-member/assets/css/um-ratyac31.css]
[swiftbusinesspay.com/wp-content/plugins/ultimate-member/assets/css/simplebarac31.css]
[swiftbusinesspay.com/wp-content/plugins/ultimate-member/assets/css/um-tipsyac31.css]
[swiftbusinesspay.com/wp-content/plugins/ultimate-member/assets/css/um-responsiveac31.css]
[swiftbusinesspay.com/wp-content/plugins/ultimate-member/assets/css/um-old-defaultac31.css]
[swiftbusinesspay.com/wp-includes/js/jquery/jquery.minaf6c.js]
[swiftbusinesspay.com/wp-includes/js/jquery/jquery-migrate.mind617.js]
[swiftbusinesspay.com/wp-content/plugins/ultimate-member/assets/js/um-gdpr.minac31.js]
[swiftbusinesspay.com/wp-json/wp/v2/pages/1199.json]
[swiftbusinesspay.com/xmlrpc0db0.php]
[swiftbusinesspay.com/wp-json/index.html]
[swiftbusinesspay.com/wp-includes/wlwmanifest.xml]
[swiftbusinesspay.com/wp-json/oembed/1.0/embed9ee2.json]
[swiftbusinesspay.com/wp-json/oembed/1.0/embed9000]
[swiftbusinesspay.com/wp-content/uploads/2020/09/PicsArt_09-23-10.16.091-100x100.png]
[swiftbusinesspay.com/wp-content/uploads/2020/09/PicsArt_09-23-10.16.091-300x300.png]
[swiftbusinesspay.com/wp-content/uploads/2021/03/untitled-5.gif]
[swiftbusinesspay.com/wp-content/uploads/2020/09/cropped-PicsArt_09-24-01.22.38-2-scaled-283x48.jpg]
[swiftbusinesspay.com/wp-content/uploads/2020/09/1600808434740.png]
[swiftbusinesspay.com/login/index.html]
[swiftbusinesspay.com/wp-content/uploads/2021/06/PicsArt_06-21-01.19.31-scaled.jpg]
[swiftbusinesspay.com/wp-content/uploads/2021/05/PicsArt_05-29-11.42.46.png]
[swiftbusinesspay.com/register/index.html]
[swiftbusinesspay.com/wp-content/uploads/2021/05/sketch1622310181881.png]
[swiftbusinesspay.com/wp-content/uploads/2021/05/WhatsApp-Image-2021-06-01-at-12.04.24-AM-scaled.jpg]
[swiftbusinesspay.com/wp-content/uploads/2021/05/PicsArt_05-30-12.03.27.png]
[swiftbusinesspay.com/wp-content/uploads/2021/05/modern-office-space-1024x683-1-scaled.jpg]
[swiftbusinesspay.com/wp-content/uploads/2021/05/paul-bence-395888-scaled.jpg]
[swiftbusinesspay.com/wp-content/uploads/2021/05/Large-open-plan-office-interior-without-people-scaled.jpg]
[swiftbusinesspay.com/wp-content/uploads/2021/05/sketch1622311109647.png]
[swiftbusinesspay.com/wp-content/uploads/2021/05/istockphoto-519053211-612x612-1.jpg]
[swiftbusinesspay.com/wp-content/uploads/2021/05/shutterstock_779163607-1024x731-1-scaled.jpg]
[swiftbusinesspay.com/_data_image/svg+xml,_svg xmlns=http_/www.w3.org/2000/svg preserveAspectRatio=none overflow=visible h/__/svg_]
[swiftbusinesspay.com/wp-content/uploads/2020/08/loans4-testimonials-pic3.jpg]
[swiftbusinesspay.com/wp-content/uploads/2020/08/loans4-testimonials-pic2.jpg]
[swiftbusinesspay.com/wp-content/uploads/2020/08/80f8b8ca67e6895fd541f182d2109e90-100x100.png]
[swiftbusinesspay.com/wp-content/uploads/2020/08/indextdu-1-100x100.jpg]
[swiftbusinesspay.com/wp-content/uploads/2020/08/crypto-international-ag-vector-logo-removebg-preview.png]
[swiftbusinesspay.com/wp-content/uploads/2020/08/blockchaincom-removebg-preview.png]
[swiftbusinesspay.com/wp-content/uploads/2020/08/ddded-removebg-preview.png]
[swiftbusinesspay.com/wp-content/uploads/2020/08/imagessfb-removebg-preview.png]
[swiftbusinesspay.com/wp-content/uploads/2020/08/imagesguig-removebg-preview.png]
[swiftbusinesspay.com/wp-content/uploads/2020/08/vggg-1.jpg]
[swiftbusinesspay.com/terms/index.html]
[swiftbusinesspay.com/wp-content/plugins/loftloader-pro/assets/js/jquery.waitformedias.min4dcb.js]
[swiftbusinesspay.com/payu-payment-secure-jpg/index.html]
[swiftbusinesspay.com/wp-content/plugins/loftloader-pro/assets/js/loftloader.min4dcb.js]
[swiftbusinesspay.com/wp-content/plugins/bdthemes-element-pack/assets/css/ep-advanced-button9bd2.css]
[swiftbusinesspay.com/wp-content/plugins/elementor/assets/lib/animations/animations.minccfb.css]
[swiftbusinesspay.com/wp-content/themes/astra/assets/js/minified/style.mina4f3.js]
[swiftbusinesspay.com/wp-content/plugins/woocommerce/assets/js/jquery-blockui/jquery.blockUI.min44fd.js]
[swiftbusinesspay.com/wp-content/plugins/woocommerce/assets/js/frontend/add-to-cart.min4245.js]
[swiftbusinesspay.com/wp-content/plugins/woocommerce/assets/js/js-cookie/js.cookie.min6b25.js]
[swiftbusinesspay.com/wp-content/plugins/woocommerce/assets/js/frontend/woocommerce.min4245.js]
[swiftbusinesspay.com/wp-content/plugins/woocommerce/assets/js/frontend/cart-fragments.min4245.js]
[swiftbusinesspay.com/wp-content/plugins/ultimate-member/assets/js/select2/select2.full.min4819.js]
[swiftbusinesspay.com/wp-includes/js/underscore.min4511.js]
[swiftbusinesspay.com/wp-includes/js/wp-util.min41a3.js]
[swiftbusinesspay.com/wp-content/plugins/ultimate-member/assets/js/um-crop.minac31.js]
[swiftbusinesspay.com/wp-content/plugins/ultimate-member/assets/js/um-modal.minac31.js]
[swiftbusinesspay.com/wp-content/plugins/ultimate-member/assets/js/um-jquery-form.minac31.js]
[swiftbusinesspay.com/wp-content/plugins/ultimate-member/assets/js/um-fileuploadac31.js]
[swiftbusinesspay.com/wp-content/plugins/ultimate-member/assets/js/pickadate/pickerac31.js]
[swiftbusinesspay.com/wp-content/plugins/ultimate-member/assets/js/pickadate/picker.dateac31.js]
[swiftbusinesspay.com/wp-content/plugins/ultimate-member/assets/js/pickadate/picker.timeac31.js]
[swiftbusinesspay.com/wp-includes/js/dist/vendor/regenerator-runtime.minb36a.js]
[swiftbusinesspay.com/wp-includes/js/dist/vendor/wp-polyfill.min2c7c.js]
[swiftbusinesspay.com/wp-includes/js/dist/hooks.mine16b.js]
[swiftbusinesspay.com/wp-includes/js/dist/i18n.min71a7.js]
[swiftbusinesspay.com/wp-content/plugins/ultimate-member/assets/js/um-raty.minac31.js]
[swiftbusinesspay.com/wp-content/plugins/ultimate-member/assets/js/um-tipsy.minac31.js]
[swiftbusinesspay.com/wp-includes/js/imagesloaded.mineda1.js]
[swiftbusinesspay.com/wp-includes/js/masonry.min3a05.js]
[swiftbusinesspay.com/wp-includes/js/jquery/jquery.masonry.minef70.js]
[swiftbusinesspay.com/wp-content/plugins/ultimate-member/assets/js/simplebar.minac31.js]
[swiftbusinesspay.com/wp-content/plugins/ultimate-member/assets/js/um-functions.minac31.js]
[swiftbusinesspay.com/wp-content/plugins/ultimate-member/assets/js/um-responsive.minac31.js]
[swiftbusinesspay.com/wp-content/plugins/ultimate-member/assets/js/um-conditional.minac31.js]
[swiftbusinesspay.com/wp-content/plugins/ultimate-member/assets/js/um-scripts.minac31.js]
[swiftbusinesspay.com/wp-content/plugins/ultimate-member/assets/js/um-profile.minac31.js]
[swiftbusinesspay.com/wp-content/plugins/ultimate-member/assets/js/um-account.minac31.js]
[swiftbusinesspay.com/wp-includes/js/wp-embed.min41a3.js]
[swiftbusinesspay.com/wp-content/plugins/bdthemes-element-pack/assets/vendor/js/particles.min001e.js]
[swiftbusinesspay.com/wp-content/plugins/bdthemes-element-pack/assets/js/bdt-uikit.mina25a.js]
[swiftbusinesspay.com/wp-content/plugins/elementor/assets/js/webpack.runtime.minccfb.js]
[swiftbusinesspay.com/wp-content/plugins/elementor/assets/js/frontend-modules.minccfb.js]
[swiftbusinesspay.com/wp-content/plugins/elementor/assets/lib/waypoints/waypoints.min05da.js]
[swiftbusinesspay.com/wp-includes/js/jquery/ui/core.min35d0.js]
[swiftbusinesspay.com/wp-content/plugins/elementor/assets/lib/swiper/swiper.min48f5.js]
[swiftbusinesspay.com/wp-content/plugins/elementor/assets/lib/share-link/share-link.minccfb.js]
[swiftbusinesspay.com/wp-content/plugins/elementor/assets/lib/dialog/dialog.mina288.js]
[swiftbusinesspay.com/wp-content/plugins/elementor/assets/js/frontend.minccfb.js]
[swiftbusinesspay.com/wp-content/plugins/bdthemes-element-pack/assets/js/element-pack-site.min9bd2.js]
[swiftbusinesspay.com/wp-content/plugins/elementor-pro/assets/js/webpack-pro.runtime.min324d.js]
[swiftbusinesspay.com/wp-content/plugins/elementor-pro/assets/lib/sticky/jquery.sticky.min324d.js]
[swiftbusinesspay.com/wp-content/plugins/elementor-pro/assets/js/frontend.min324d.js]
[swiftbusinesspay.com/wp-content/plugins/elementor-pro/assets/js/preloaded-elements-handlers.min324d.js]
[swiftbusinesspay.com/wp-content/plugins/elementor/assets/js/preloaded-modules.minccfb.js]
[swiftbusinesspay.com/index.html]
[gmpg.org/xfn/default.css]
[gmpg.org/xfn/.html]
[gmpg.org/xfn/intro.html]
[gmpg.org/xfn/faq.html]
[gmpg.org/xfn/thanks.html]
[gmpg.org/xfn/11.html]
[fonts.googleapis.com/index.html]
[s.w.org/index.html]
[swiftbusinesspay.com/wp-content/plugins/loftloader-pro/assets/css/loftloader.min4dcb.css]
[swiftbusinesspay.com/wp-content/themes/astra/assets/css/minified/style.mina4f3.css]
[swiftbusinesspay.com/wp-content/themes/astra/assets/css/minified/compatibility/site-origin.mina4f3.css]
[fonts.googleapis.com/csscbc3.css]
[swiftbusinesspay.com/wp-content/themes/astra/assets/css/minified/menu-animation.mina4f3.css]
[swiftbusinesspay.com/wp-content/plugins/bdthemes-element-pack/images/backgrounds/divider-icon.8c.delayed]
[swiftbusinesspay.com/wp-content/plugins/bdthemes-element-pack/images/backgrounds/list-bullet.8d.delayed]
[swiftbusinesspay.com/wp-content/plugins/bdthemes-element-pack/images/backgrounds/form-datalist.svg]
[swiftbusinesspay.com/wp-content/plugins/bdthemes-element-pack/assets/css/bdt-uikita25a.css]
[swiftbusinesspay.com/wp-content/plugins/bdthemes-element-pack/assets/css/element-pack-site9bd2.css]
[swiftbusinesspay.com/wp-includes/css/dist/block-library/style.min41a3.css]
[swiftbusinesspay.com/wp-content/plugins/woocommerce/packages/woocommerce-blocks/build/vendors-style1852.css]
[swiftbusinesspay.com/wp-content/plugins/woocommerce/packages/woocommerce-blocks/build/style1852.css]
[swiftbusinesspay.com/wp-content/themes/astra/assets/css/minified/compatibility/woocommerce/woocommerce-layout.mina4f3.css]
[swiftbusinesspay.com/wp-content/themes/astra/assets/css/minified/compatibility/woocommerce/woocommerce-smallscreen.mina4f3.css]
[swiftbusinesspay.com/wp-content/plugins/bdthemes-element-pack/assets/images/loading.svg]
[swiftbusinesspay.com/wp-content/plugins/woocommerce/assets/fonts/star.eot]
[swiftbusinesspay.com/wp-content/plugins/woocommerce/assets/fonts/stard41d.eot]
[swiftbusinesspay.com/wp-content/plugins/woocommerce/assets/fonts/star.woff]
[swiftbusinesspay.com/wp-content/plugins/woocommerce/assets/fonts/star.ttf]
[swiftbusinesspay.com/wp-content/plugins/woocommerce/assets/fonts/star.svg]
[swiftbusinesspay.com/wp-content/plugins/woocommerce/assets/fonts/WooCommerce.eot]
[swiftbusinesspay.com/wp-content/plugins/woocommerce/assets/fonts/WooCommerced41d.eot]
[swiftbusinesspay.com/wp-content/plugins/woocommerce/assets/fonts/WooCommerce.woff]
[swiftbusinesspay.com/wp-content/plugins/woocommerce/assets/fonts/WooCommerce.ttf]
[swiftbusinesspay.com/wp-content/plugins/woocommerce/assets/fonts/WooCommerce.svg]
[swiftbusinesspay.com/wp-content/plugins/woocommerce/assets/css/photoswipe/default-skin/default-skin.png]
[swiftbusinesspay.com/wp-content/plugins/woocommerce/assets/images/icons/credit-cards/visa.svg]
[swiftbusinesspay.com/wp-content/plugins/woocommerce/assets/images/icons/credit-cards/mastercard.svg]
[swiftbusinesspay.com/wp-content/plugins/woocommerce/assets/images/icons/credit-cards/laser.svg]
[swiftbusinesspay.com/wp-content/plugins/woocommerce/assets/images/icons/credit-cards/diners.svg]
[swiftbusinesspay.com/wp-content/plugins/woocommerce/assets/images/icons/credit-cards/maestro.svg]
[swiftbusinesspay.com/wp-content/plugins/woocommerce/assets/images/icons/credit-cards/jcb.svg]
[swiftbusinesspay.com/wp-content/plugins/woocommerce/assets/images/icons/credit-cards/amex.svg]
[swiftbusinesspay.com/wp-content/plugins/woocommerce/assets/images/icons/credit-cards/discover.svg]
[swiftbusinesspay.com/wp-content/themes/astra/assets/css/minified/compatibility/woocommerce/woocommerce.mina4f3.css]
[swiftbusinesspay.com/wp-content/plugins/header-footer-elementor/assets/css/header-footer-elementor2745.css]
[swiftbusinesspay.com/wp-content/plugins/elementor/assets/lib/eicons/fonts/eicons02d6.woff2]
[swiftbusinesspay.com/wp-content/plugins/elementor/assets/lib/eicons/fonts/eicons02d6.eot]
[swiftbusinesspay.com/wp-content/plugins/elementor/assets/lib/eicons/fonts/eicons02d6.woff]
[swiftbusinesspay.com/wp-content/plugins/elementor/assets/lib/eicons/css/elementor-icons.minb683.css]
[swiftbusinesspay.com/wp-content/plugins/elementor/assets/css/frontend-legacy.minccfb.css]
[swiftbusinesspay.com/wp-content/plugins/elementor/assets/css/frontend.minccfb.css]
[swiftbusinesspay.com/wp-content/uploads/elementor/css/post-2870ca62.css]
[swiftbusinesspay.com/wp-content/plugins/elementor-pro/assets/css/frontend.min324d.css]
[swiftbusinesspay.com/wp-content/plugins/elementor/assets/lib/eicons/fonts/eicons02d6.svg]
[swiftbusinesspay.com/wp-content/uploads/2020/08/86b2d6aa5f05e0c30d66674e9d4af18d.jpg]
[swiftbusinesspay.com/wp-content/uploads/2020/08/Fluid_Gradient_Background.jpg]
[swiftbusinesspay.com/wp-content/plugins/elementor/assets/lib/eicons/fonts/eicons02d6.ttf]
[swiftbusinesspay.com/wp-content/uploads/2020/08/foggy-street-at-night.jpg]
[swiftbusinesspay.com/wp-content/uploads/2020/11/diannacowern1-10.jpg]
[swiftbusinesspay.com/wp-content/uploads/elementor/css/post-1199ca62.css]
[swiftbusinesspay.com/wp-content/plugins/header-footer-elementor/inc/widgets-css/frontend2745.css]
[swiftbusinesspay.com/wp-content/uploads/elementor/css/post-9364185.css]
[swiftbusinesspay.com/wp-content/plugins/woo-wallet/assets/fonts/woowalleta071.eot]
[swiftbusinesspay.com/wp-content/plugins/woo-wallet/assets/fonts/woowalleta071.ttf]
[swiftbusinesspay.com/wp-content/plugins/woo-wallet/assets/fonts/woowalleta071.woff]
[swiftbusinesspay.com/wp-content/plugins/woo-wallet/assets/fonts/woowalleta071.svg]
[swiftbusinesspay.com/wp-content/plugins/woo-wallet/assets/css/frontend4acb.css]
[swiftbusinesspay.com/wp-content/plugins/ultimate-member/assets/font/ionicons28b5.eot]
[swiftbusinesspay.com/wp-content/plugins/ultimate-member/assets/font/ionicons28b5.woff]
[swiftbusinesspay.com/wp-content/plugins/ultimate-member/assets/css/um-fonticons-iiac31.css]
[swiftbusinesspay.com/wp-content/plugins/ultimate-member/assets/font/ionicons28b5.ttf]
[swiftbusinesspay.com/wp-content/plugins/ultimate-member/assets/font/fontawesome-webfont78ce.woff]
[swiftbusinesspay.com/wp-content/plugins/ultimate-member/assets/font/ionicons28b5.svg]
[swiftbusinesspay.com/wp-content/plugins/ultimate-member/assets/font/fontawesome-webfont78ce.eot]
[swiftbusinesspay.com/wp-content/plugins/ultimate-member/assets/font/fontawesome-webfont78ce.ttf]
[swiftbusinesspay.com/wp-content/plugins/ultimate-member/assets/css/um-fonticons-faac31.css]
[swiftbusinesspay.com/wp-content/plugins/ultimate-member/assets/css/select2/select2.min4819.css]
[swiftbusinesspay.com/wp-content/plugins/ultimate-member/assets/css/um-cropac31.css]
[swiftbusinesspay.com/wp-content/plugins/ultimate-member/assets/img/loading.gif]
[swiftbusinesspay.com/wp-content/plugins/ultimate-member/assets/css/um-modalac31.css]
[swiftbusinesspay.com/wp-content/plugins/ultimate-member/assets/css/um-stylesac31.css]
[swiftbusinesspay.com/wp-content/plugins/ultimate-member/assets/img/loading-dots.gif]
[swiftbusinesspay.com/wp-content/plugins/ultimate-member/assets/css/um-profileac31.css]
[swiftbusinesspay.com/wp-content/plugins/ultimate-member/assets/css/um-accountac31.css]
[swiftbusinesspay.com/wp-content/plugins/ultimate-member/assets/css/um-miscac31.css]
[swiftbusinesspay.com/wp-content/plugins/ultimate-member/assets/css/um-fileuploadac31.css]
[swiftbusinesspay.com/wp-content/plugins/ultimate-member/assets/css/pickadate/defaultac31.css]
[swiftbusinesspay.com/wp-content/plugins/ultimate-member/assets/css/pickadate/default.dateac31.css]
[swiftbusinesspay.com/wp-content/plugins/ultimate-member/assets/css/pickadate/default.timeac31.css]
[swiftbusinesspay.com/wp-content/plugins/ultimate-member/assets/font/raty.eot]
[swiftbusinesspay.com/wp-content/plugins/ultimate-member/assets/font/fontawesome-webfont78ce.svg]
[swiftbusinesspay.com/wp-content/plugins/ultimate-member/assets/font/ratyd41d.eot]
[swiftbusinesspay.com/wp-content/plugins/ultimate-member/assets/font/raty.svg]
[swiftbusinesspay.com/wp-content/plugins/ultimate-member/assets/font/raty.ttf]
[swiftbusinesspay.com/wp-content/plugins/ultimate-member/assets/font/raty.woff]
[swiftbusinesspay.com/wp-content/plugins/ultimate-member/assets/css/um-ratyac31.css]
[swiftbusinesspay.com/wp-content/plugins/ultimate-member/assets/css/simplebarac31.css]
[swiftbusinesspay.com/wp-content/plugins/ultimate-member/assets/css/um-tipsyac31.css]
[swiftbusinesspay.com/wp-content/plugins/ultimate-member/assets/css/um-responsiveac31.css]
[swiftbusinesspay.com/wp-content/plugins/ultimate-member/assets/css/um-old-defaultac31.css]
[fonts.googleapis.com/css769d.css]
[swiftbusinesspay.com/wp-content/uploads/elementor/css/post-321907e.css]
[swiftbusinesspay.com/wp-json/wp/v2/pages/321.json]
[swiftbusinesspay.com/wp-json/oembed/1.0/embeda607.json]
[swiftbusinesspay.com/wp-json/oembed/1.0/embed4357]
[swiftbusinesspay.com/wp-content/uploads/2021/08/animation_300_ksab1fo8.gif]
[swiftbusinesspay.com/wp-content/plugins/bdthemes-element-pack/assets/css/element-pack-font9bd2.css]
[swiftbusinesspay.com/wp-content/plugins/bdthemes-element-pack/assets/css/ep-user-login9bd2.css]
[swiftbusinesspay.com/login/index.html]
[swiftbusinesspay.com/password-reset/index.html]
[swiftbusinesspay.com/wp-content/uploads/elementor/css/post-322380f.css]
[swiftbusinesspay.com/wp-json/wp/v2/pages/322.json]
[swiftbusinesspay.com/wp-json/oembed/1.0/embeda981.json]
[swiftbusinesspay.com/register/index.html]
[swiftbusinesspay.com/_data_image/svg+xml,_svg xmlns=http_/www.w3.org/2000/svg preserveAspectRatio=none overflow=visible h/__/svg_.html]
[swiftbusinesspay.com/wp-json/oembed/1.0/embedb68a]
[swiftbusinesspay.com/wp-json/wp/v2/pages/2339.json]
[swiftbusinesspay.com/wp-json/oembed/1.0/embed9e31.json]
[swiftbusinesspay.com/terms/index.html]
[swiftbusinesspay.com/payu-payment-secure-jpg/index.html]
[swiftbusinesspay.com/wp-content/plugins/bdthemes-element-pack/assets/css/ep-advanced-button9bd2.css]
[swiftbusinesspay.com/wp-content/plugins/elementor/assets/lib/animations/animations.minccfb.css]
[gmpg.org/xfn/default.css]
[swiftbusinesspay.com/wp-json/oembed/1.0/embed5858]
[gmpg.org/xfn/join.html]
[gmpg.org/xfn/background.html]
[gmpg.org/xfn/index.html]
[gmpg.org/xfn/tools.html]
[gmpg.org/xfn/helping.html]
[gmpg.org/xfn/and/index.html]
[gmpg.org/xfn/feedback.html]
[gmpg.org/xfn/creator.html]
[gmpg.org/xfn/more.html]
[gmpg.org/xfn/press.html]
[gmpg.org/xfn/index-2.html]
[gmpg.org/xfn/.html]
[gmpg.org/xfn/pix/intro/five-met.gif]
[gmpg.org/xfn/pix/intro/five-acqfr.gif]
[gmpg.org/xfn/pix/intro/five-prof.gif]
[gmpg.org/xfn/intro.html]
[gmpg.org/xfn/faq.html]
[gmpg.org/xfn/thanks.html]
[swiftbusinesspay.com/wp-content/plugins/bdthemes-element-pack/images/backgrounds/divider-icon.html]
[swiftbusinesspay.com/wp-content/plugins/bdthemes-element-pack/images/backgrounds/list-bullet.html]
[swiftbusinesspay.com/wp-content/plugins/bdthemes-element-pack/images/backgrounds/form-datalist.html]
[swiftbusinesspay.com/wp-content/plugins/bdthemes-element-pack/assets/images/loading.svg]
[swiftbusinesspay.com/wp-content/plugins/woocommerce/assets/fonts/star.svg]
[swiftbusinesspay.com/wp-content/plugins/woocommerce/assets/fonts/WooCommerce.svg]
[swiftbusinesspay.com/wp-content/plugins/woocommerce/assets/images/icons/loader.svg]
[swiftbusinesspay.com/wp-content/plugins/woocommerce/assets/images/icons/credit-cards/visa.svg]
[swiftbusinesspay.com/wp-content/plugins/woocommerce/assets/images/icons/credit-cards/mastercard.svg]
[swiftbusinesspay.com/wp-content/plugins/woocommerce/assets/images/icons/credit-cards/laser.svg]
[swiftbusinesspay.com/wp-content/plugins/woocommerce/assets/images/icons/credit-cards/diners.svg]
[swiftbusinesspay.com/wp-content/plugins/woocommerce/assets/images/icons/credit-cards/maestro.svg]
[swiftbusinesspay.com/wp-content/plugins/woocommerce/assets/images/icons/credit-cards/jcb.svg]
[swiftbusinesspay.com/wp-content/plugins/woocommerce/assets/images/icons/credit-cards/amex.svg]
[swiftbusinesspay.com/wp-content/plugins/woocommerce/assets/images/icons/credit-cards/discover.svg]
[swiftbusinesspay.com/wp-content/plugins/elementor/assets/lib/eicons/fonts/eicons02d6.svg]
[swiftbusinesspay.com/wp-content/uploads/2020/08/foggy-street-at-night.html]
[swiftbusinesspay.com/wp-content/plugins/woo-wallet/assets/fonts/woowalleta071.svg]
[swiftbusinesspay.com/wp-content/plugins/ultimate-member/assets/font/ionicons28b5.svg]
[swiftbusinesspay.com/wp-content/plugins/ultimate-member/assets/font/fontawesome-webfont78ce.svg]
[swiftbusinesspay.com/wp-content/plugins/ultimate-member/assets/font/raty.svg]
[swiftbusinesspay.com/wp-content/uploads/elementor/css/post-321907e.css]
[swiftbusinesspay.com/index8ee7.html]
[gmpg.org/xfn/pix/intro/five-lovefam.gif]
[swiftbusinesspay.com/wp-json/wp/v2/pages/326.json]
[swiftbusinesspay.com/wp-json/oembed/1.0/embed264b.json]
[swiftbusinesspay.com/password-reset/index.html]
[swiftbusinesspay.com/wp-json/oembed/1.0/embedb1ac]
[swiftbusinesspay.com/wp-content/plugins/bdthemes-element-pack/assets/fonts/element-pack789e.woff]
[swiftbusinesspay.com/wp-content/plugins/bdthemes-element-pack/assets/fonts/element-pack789e.ttf]
[swiftbusinesspay.com/wp-content/plugins/bdthemes-element-pack/assets/css/element-pack-font9bd2.css]
[swiftbusinesspay.com/wp-content/plugins/bdthemes-element-pack/assets/css/ep-user-login9bd2.css]
[swiftbusinesspay.com/wp-content/uploads/elementor/css/post-322380f.css]
[swiftbusinesspay.com/indexeffc.html]
[swiftbusinesspay.com/wp-content/uploads/elementor/css/post-2339fdbc.css]
[swiftbusinesspay.com/index03b7.html]
[swiftbusinesspay.com/wp-content/plugins/bdthemes-element-pack/assets/fonts/element-pack789e.svg]
[gmpg.org/xfn/index.html]
[gmpg.org/xfn/1.html]
[gmpg.org/xfn/xfn-btn.gif]
[gmpg.org/xfn/join.html]
[gmpg.org/xfn/background.html]
[gmpg.org/xfn/creator-fr.html]
[gmpg.org/xfn/creator-it.html]
[gmpg.org/xfn/creator-es.html]
[gmpg.org/xfn/creator-nl.html]
[gmpg.org/xfn/creator-cs.html]
[gmpg.org/xfn/creator-ja.html]
[gmpg.org/xfn/tools.html]
[gmpg.org/xfn/pix/mememememe.png]
[gmpg.org/xfn/and/foaf.html]
[gmpg.org/xfn/and/index-2.html]
[gmpg.org/xfn/and/index.html]
[gmpg.org/xfn/helping.html]
[gmpg.org/xfn/feedback.html]
[gmpg.org/xfn/creator.html]
[gmpg.org/xfn/xfn-mini.gif]
[gmpg.org/xfn/more.html]
[gmpg.org/xfn/press.html]
[gmpg.org/xfn/index-2.html]
[fonts.googleapis.com/cssc49c]
[swiftbusinesspay.com/index4bd3.html]
[swiftbusinesspay.com/swift-login-php/index0ddc.html]
[swiftbusinesspay.com/wp-content/plugins/bdthemes-element-pack/assets/fonts/element-pack789e.svg]
[fonts.googleapis.com/cssfaf9]
[gmpg.org/xfn/1.html]
[gmpg.org/xfn/creator-fr.html]
[gmpg.org/xfn/creator-it.html]
[gmpg.org/xfn/creator-es.html]
[gmpg.org/xfn/creator-nl.html]
[gmpg.org/xfn/creator-cs.html]
[gmpg.org/xfn/creator-ja.html]
[gmpg.org/xfn/and/foaf.html]
[gmpg.org/xfn/and/index-2.html]
[gmpg.org/xfn/count.css]
